==13194== Memcheck, a memory error detector
==13194== Copyright (C) 2002-2017, and GNU GPL'd, by Julian Seward et al.
==13194== Using Valgrind-3.19.0.GIT-lbmacos and LibVEX; rerun with -h for copyright info
==13194== Command: ./philo_bonus 5 200 150 200 2
==13194== Parent PID: 93131
==13194== 
--13194-- run: /usr/bin/dsymutil "./philo_bonus"
==13201== 
==13201== HEAP SUMMARY:
==13201==     in use at exit: 20,517 bytes in 169 blocks
==13201==   total heap usage: 184 allocs, 15 frees, 25,325 bytes allocated
==13201== 
==13201== 16 bytes in 1 blocks are still reachable in loss record 3 of 51
==13201==    at 0x100124BA0: calloc (in /System/Volumes/Data/sgoinfre/goinfre/Perso/javigarc/homebrew/Cellar/valgrind/HEAD-da51a73/libexec/valgrind/vgpreload_memcheck-amd64-darwin.so)
==13201==    by 0x1006FA905: method_t::remappedImp(bool) const (in /usr/lib/libobjc.A.dylib)
==13201==    by 0x1006FB1AD: list_array_tt<property_t, property_list_t, RawPtr>::attachLists(property_list_t* const*, unsigned int) (in /usr/lib/libobjc.A.dylib)
==13201==    by 0x1006FB01A: method_list_t::duplicate() const (in /usr/lib/libobjc.A.dylib)
==13201==    by 0x1006FAE6B: class_rw_t::extAlloc(class_ro_t const*, bool) (in /usr/lib/libobjc.A.dylib)
==13201==    by 0x1006FAE6B: class_rw_t::extAlloc(class_ro_t const*, bool) (in /usr/lib/libobjc.A.dylib)
==13201==    by 0x1006FAE6B: class_rw_t::extAlloc(class_ro_t const*, bool) (in /usr/lib/libobjc.A.dylib)
==13201==    by 0x1006FC061: realizeClassWithoutSwift(objc_class*, objc_class*) (in /usr/lib/libobjc.A.dylib)
==13201==    by 0x1006ECD44: -[NSObject dealloc] (in /usr/lib/libobjc.A.dylib)
==13201==    by 0x1006EC398: lookUpImpOrForward (in /usr/lib/libobjc.A.dylib)
==13201==    by 0x1006A089D: xpc_atfork_child (in /usr/lib/system/libxpc.dylib)
==13201==    by 0x100133AB7: libSystem_atfork_child (in /usr/lib/libSystem.B.dylib)
==13201== 
==13201== 19 bytes in 1 blocks are still reachable in loss record 4 of 51
==13201==    at 0x100124545: malloc (in /System/Volumes/Data/sgoinfre/goinfre/Perso/javigarc/homebrew/Cellar/valgrind/HEAD-da51a73/libexec/valgrind/vgpreload_memcheck-amd64-darwin.so)
==13201==    by 0x1003E12AA: __setenv_locked (in /usr/lib/system/libsystem_c.dylib)
==13201==    by 0x1003E16A3: setenv (in /usr/lib/system/libsystem_c.dylib)
==13201==    by 0x1006A08D7: xpc_atfork_child (in /usr/lib/system/libxpc.dylib)
==13201==    by 0x100133AB7: libSystem_atfork_child (in /usr/lib/libSystem.B.dylib)
==13201==    by 0x1003928AC: fork (in /usr/lib/system/libsystem_c.dylib)
==13201==    by 0x100003039: ft_start_process (philo_process.c:23)
==13201==    by 0x100002FE8: main (philo_bonus.c:23)
==13201== 
==13201== 32 bytes in 1 blocks are still reachable in loss record 12 of 51
==13201==    at 0x100124BA0: calloc (in /System/Volumes/Data/sgoinfre/goinfre/Perso/javigarc/homebrew/Cellar/valgrind/HEAD-da51a73/libexec/valgrind/vgpreload_memcheck-amd64-darwin.so)
==13201==    by 0x1006FA927: method_t_remappedImp_nolock(method_t const*) (in /usr/lib/libobjc.A.dylib)
==13201==    by 0x1006FB1AD: list_array_tt<property_t, property_list_t, RawPtr>::attachLists(property_list_t* const*, unsigned int) (in /usr/lib/libobjc.A.dylib)
==13201==    by 0x1006FB01A: method_list_t::duplicate() const (in /usr/lib/libobjc.A.dylib)
==13201==    by 0x1006FAE6B: class_rw_t::extAlloc(class_ro_t const*, bool) (in /usr/lib/libobjc.A.dylib)
==13201==    by 0x1006FAE6B: class_rw_t::extAlloc(class_ro_t const*, bool) (in /usr/lib/libobjc.A.dylib)
==13201==    by 0x1006FAE6B: class_rw_t::extAlloc(class_ro_t const*, bool) (in /usr/lib/libobjc.A.dylib)
==13201==    by 0x1006FC061: realizeClassWithoutSwift(objc_class*, objc_class*) (in /usr/lib/libobjc.A.dylib)
==13201==    by 0x1006ECD44: -[NSObject dealloc] (in /usr/lib/libobjc.A.dylib)
==13201==    by 0x1006EC398: lookUpImpOrForward (in /usr/lib/libobjc.A.dylib)
==13201==    by 0x1006A089D: xpc_atfork_child (in /usr/lib/system/libxpc.dylib)
==13201==    by 0x100133AB7: libSystem_atfork_child (in /usr/lib/libSystem.B.dylib)
==13201== 
==13201== 32 bytes in 1 blocks are definitely lost in loss record 16 of 51
==13201==    at 0x100124BA0: calloc (in /System/Volumes/Data/sgoinfre/goinfre/Perso/javigarc/homebrew/Cellar/valgrind/HEAD-da51a73/libexec/valgrind/vgpreload_memcheck-amd64-darwin.so)
==13201==    by 0x1006FC5F3: objc::DenseMap<objc_class*, objc_class*, objc::DenseMapValueInfo<objc_class*>, objc::DenseMapInfo<objc_class*>, objc::detail::DenseMapPair<objc_class*, objc_class*> >::grow(unsigned int) (in /usr/lib/libobjc.A.dylib)
==13201==    by 0x1006FC69F: objc_class::mangledName() (in /usr/lib/libobjc.A.dylib)
==13201==    by 0x1006E8406: objc_opt::objc_stringhash_t::getIndex(char const*) const (in /usr/lib/libobjc.A.dylib)
==13201==    by 0x1006F82D0: unmap_image (in /usr/lib/libobjc.A.dylib)
==13201==    by 0x100015667: dyld::notifyBatchPartial(dyld_image_states, bool, char const* (*)(dyld_image_states, unsigned int, dyld_image_info const*), bool, bool) (in /usr/lib/dyld)
==13201==    by 0x100015808: dyld::registerObjCNotifiers(void (*)(unsigned int, char const* const*, mach_header const* const*), void (*)(char const*, mach_header const*), void (*)(char const*, mach_header const*)) (in /usr/lib/dyld)
==13201==    by 0x1002C1AD0: _dyld_objc_notify_register (in /usr/lib/system/libdyld.dylib)
==13201==    by 0x1006E6DAF: map_images_nolock (in /usr/lib/libobjc.A.dylib)
==13201==    by 0x100243F38: _os_object_init (in /usr/lib/system/libdispatch.dylib)
==13201==    by 0x1002500E7: libdispatch_init (in /usr/lib/system/libdispatch.dylib)
==13201==    by 0x100133790: libSystem_initializer (in /usr/lib/libSystem.B.dylib)
==13201== 
==13201== 32 bytes in 1 blocks are definitely lost in loss record 17 of 51
==13201==    at 0x100124BA0: calloc (in /System/Volumes/Data/sgoinfre/goinfre/Perso/javigarc/homebrew/Cellar/valgrind/HEAD-da51a73/libexec/valgrind/vgpreload_memcheck-amd64-darwin.so)
==13201==    by 0x1006FC5F3: objc::DenseMap<objc_class*, objc_class*, objc::DenseMapValueInfo<objc_class*>, objc::DenseMapInfo<objc_class*>, objc::detail::DenseMapPair<objc_class*, objc_class*> >::grow(unsigned int) (in /usr/lib/libobjc.A.dylib)
==13201==    by 0x1006FC6C6: objc_class::mangledName() (in /usr/lib/libobjc.A.dylib)
==13201==    by 0x1006FC69F: objc_class::mangledName() (in /usr/lib/libobjc.A.dylib)
==13201==    by 0x1006E8406: objc_opt::objc_stringhash_t::getIndex(char const*) const (in /usr/lib/libobjc.A.dylib)
==13201==    by 0x1006F82D0: unmap_image (in /usr/lib/libobjc.A.dylib)
==13201==    by 0x100015667: dyld::notifyBatchPartial(dyld_image_states, bool, char const* (*)(dyld_image_states, unsigned int, dyld_image_info const*), bool, bool) (in /usr/lib/dyld)
==13201==    by 0x100015808: dyld::registerObjCNotifiers(void (*)(unsigned int, char const* const*, mach_header const* const*), void (*)(char const*, mach_header const*), void (*)(char const*, mach_header const*)) (in /usr/lib/dyld)
==13201==    by 0x1002C1AD0: _dyld_objc_notify_register (in /usr/lib/system/libdyld.dylib)
==13201==    by 0x1006E6DAF: map_images_nolock (in /usr/lib/libobjc.A.dylib)
==13201==    by 0x100243F38: _os_object_init (in /usr/lib/system/libdispatch.dylib)
==13201==    by 0x1002500E7: libdispatch_init (in /usr/lib/system/libdispatch.dylib)
==13201== 
==13201== 51 bytes in 1 blocks are still reachable in loss record 20 of 51
==13201==    at 0x100124BA0: calloc (in /System/Volumes/Data/sgoinfre/goinfre/Perso/javigarc/homebrew/Cellar/valgrind/HEAD-da51a73/libexec/valgrind/vgpreload_memcheck-amd64-darwin.so)
==13201==    by 0x100448773: _dirhelper_init (in /usr/lib/system/libsystem_coreservices.dylib)
==13201==    by 0x10060FEC6: _os_once_callout (in /usr/lib/system/libsystem_platform.dylib)
==13201==    by 0x100449C4A: _libcoreservices_fork_child (in /usr/lib/system/libsystem_coreservices.dylib)
==13201==    by 0x100133AA8: libSystem_atfork_child (in /usr/lib/libSystem.B.dylib)
==13201==    by 0x1003928AC: fork (in /usr/lib/system/libsystem_c.dylib)
==13201==    by 0x100003039: ft_start_process (philo_process.c:23)
==13201==    by 0x100002FE8: main (philo_bonus.c:23)
==13201== 
==13201== 64 bytes in 1 blocks are still reachable in loss record 22 of 51
==13201==    at 0x100124BA0: calloc (in /System/Volumes/Data/sgoinfre/goinfre/Perso/javigarc/homebrew/Cellar/valgrind/HEAD-da51a73/libexec/valgrind/vgpreload_memcheck-amd64-darwin.so)
==13201==    by 0x1006ED602: getClass_impl(char const*) (in /usr/lib/libobjc.A.dylib)
==13201==    by 0x1006ED095: objc_object::sidetable_clearDeallocating() (in /usr/lib/libobjc.A.dylib)
==13201==    by 0x1006ECB26: _finishInitializing(objc_class*, objc_class*) (in /usr/lib/libobjc.A.dylib)
==13201==    by 0x1006EC398: lookUpImpOrForward (in /usr/lib/libobjc.A.dylib)
==13201==    by 0x100686251: -[OS_xpc_object dealloc] (in /usr/lib/system/libxpc.dylib)
==13201==    by 0x1006A089D: xpc_atfork_child (in /usr/lib/system/libxpc.dylib)
==13201==    by 0x100133AB7: libSystem_atfork_child (in /usr/lib/libSystem.B.dylib)
==13201==    by 0x1003928AC: fork (in /usr/lib/system/libsystem_c.dylib)
==13201==    by 0x100003039: ft_start_process (philo_process.c:23)
==13201==    by 0x100002FE8: main (philo_bonus.c:23)
==13201== 
==13201== 64 bytes in 1 blocks are still reachable in loss record 23 of 51
==13201==    at 0x100124BA0: calloc (in /System/Volumes/Data/sgoinfre/goinfre/Perso/javigarc/homebrew/Cellar/valgrind/HEAD-da51a73/libexec/valgrind/vgpreload_memcheck-amd64-darwin.so)
==13201==    by 0x1006EB667: objc_msgSend_stret (in /usr/lib/libobjc.A.dylib)
==13201==    by 0x100243FEC: _os_object_alloc_realized (in /usr/lib/system/libdispatch.dylib)
==13201==    by 0x100699AFA: _xpc_pipe_create (in /usr/lib/system/libxpc.dylib)
==13201==    by 0x1006A08AA: xpc_atfork_child (in /usr/lib/system/libxpc.dylib)
==13201==    by 0x100133AB7: libSystem_atfork_child (in /usr/lib/libSystem.B.dylib)
==13201==    by 0x1003928AC: fork (in /usr/lib/system/libsystem_c.dylib)
==13201==    by 0x100003039: ft_start_process (philo_process.c:23)
==13201==    by 0x100002FE8: main (philo_bonus.c:23)
==13201== 
==13201== 64 bytes in 1 blocks are indirectly lost in loss record 24 of 51
==13201==    at 0x100124545: malloc (in /System/Volumes/Data/sgoinfre/goinfre/Perso/javigarc/homebrew/Cellar/valgrind/HEAD-da51a73/libexec/valgrind/vgpreload_memcheck-amd64-darwin.so)
==13201==    by 0x1003E0FB5: _owned_ptr_alloc (in /usr/lib/system/libsystem_c.dylib)
==13201==    by 0x1003E1675: setenv (in /usr/lib/system/libsystem_c.dylib)
==13201==    by 0x100683346: _libxpc_initializer (in /usr/lib/system/libxpc.dylib)
==13201==    by 0x1001337A0: libSystem_initializer (in /usr/lib/libSystem.B.dylib)
==13201==    by 0x10002B352: ImageLoaderMachO::doModInitFunctions(ImageLoader::LinkContext const&) (in /usr/lib/dyld)
==13201==    by 0x10002B75D: ImageLoaderMachO::doInitialization(ImageLoader::LinkContext const&) (in /usr/lib/dyld)
==13201==    by 0x10002617A: ImageLoader::recursiveInitialization(ImageLoader::LinkContext const&, unsigned int, char const*, ImageLoader::InitializerTimingList&, ImageLoader::UninitedUpwards&) (in /usr/lib/dyld)
==13201==    by 0x1000260E5: ImageLoader::recursiveInitialization(ImageLoader::LinkContext const&, unsigned int, char const*, ImageLoader::InitializerTimingList&, ImageLoader::UninitedUpwards&) (in /usr/lib/dyld)
==13201==    by 0x100024233: ImageLoader::processInitializers(ImageLoader::LinkContext const&, unsigned int, ImageLoader::InitializerTimingList&, ImageLoader::UninitedUpwards&) (in /usr/lib/dyld)
==13201==    by 0x1000242D3: ImageLoader::runInitializers(ImageLoader::LinkContext const&, ImageLoader::InitializerTimingList&) (in /usr/lib/dyld)
==13201==    by 0x100012661: dyld::initializeMainExecutable() (in /usr/lib/dyld)
==13201== 
==13201== 64 bytes in 1 blocks are definitely lost in loss record 25 of 51
==13201==    at 0x100124BA0: calloc (in /System/Volumes/Data/sgoinfre/goinfre/Perso/javigarc/homebrew/Cellar/valgrind/HEAD-da51a73/libexec/valgrind/vgpreload_memcheck-amd64-darwin.so)
==13201==    by 0x1006ED602: getClass_impl(char const*) (in /usr/lib/libobjc.A.dylib)
==13201==    by 0x1006ED095: objc_object::sidetable_clearDeallocating() (in /usr/lib/libobjc.A.dylib)
==13201==    by 0x1006ECB26: _finishInitializing(objc_class*, objc_class*) (in /usr/lib/libobjc.A.dylib)
==13201==    by 0x1006EC398: lookUpImpOrForward (in /usr/lib/libobjc.A.dylib)
==13201==    by 0x1006A089D: xpc_atfork_child (in /usr/lib/system/libxpc.dylib)
==13201==    by 0x100133AB7: libSystem_atfork_child (in /usr/lib/libSystem.B.dylib)
==13201==    by 0x1003928AC: fork (in /usr/lib/system/libsystem_c.dylib)
==13201==    by 0x100003039: ft_start_process (philo_process.c:23)
==13201==    by 0x100002FE8: main (philo_bonus.c:23)
==13201== 
==13201== 72 bytes in 1 blocks are still reachable in loss record 26 of 51
==13201==    at 0x100124BA0: calloc (in /System/Volumes/Data/sgoinfre/goinfre/Perso/javigarc/homebrew/Cellar/valgrind/HEAD-da51a73/libexec/valgrind/vgpreload_memcheck-amd64-darwin.so)
==13201==    by 0x1006ECF61: _object_remove_assocations (in /usr/lib/libobjc.A.dylib)
==13201==    by 0x1006FA8E1: method_t::remappedImp(bool) const (in /usr/lib/libobjc.A.dylib)
==13201==    by 0x1006FB1AD: list_array_tt<property_t, property_list_t, RawPtr>::attachLists(property_list_t* const*, unsigned int) (in /usr/lib/libobjc.A.dylib)
==13201==    by 0x1006FB01A: method_list_t::duplicate() const (in /usr/lib/libobjc.A.dylib)
==13201==    by 0x1006FAE6B: class_rw_t::extAlloc(class_ro_t const*, bool) (in /usr/lib/libobjc.A.dylib)
==13201==    by 0x1006FAE6B: class_rw_t::extAlloc(class_ro_t const*, bool) (in /usr/lib/libobjc.A.dylib)
==13201==    by 0x1006FAE6B: class_rw_t::extAlloc(class_ro_t const*, bool) (in /usr/lib/libobjc.A.dylib)
==13201==    by 0x1006FC061: realizeClassWithoutSwift(objc_class*, objc_class*) (in /usr/lib/libobjc.A.dylib)
==13201==    by 0x1006ECD44: -[NSObject dealloc] (in /usr/lib/libobjc.A.dylib)
==13201==    by 0x1006EC398: lookUpImpOrForward (in /usr/lib/libobjc.A.dylib)
==13201==    by 0x1006A089D: xpc_atfork_child (in /usr/lib/system/libxpc.dylib)
==13201== 
==13201== 80 (16 direct, 64 indirect) bytes in 1 blocks are definitely lost in loss record 27 of 51
==13201==    at 0x100124545: malloc (in /System/Volumes/Data/sgoinfre/goinfre/Perso/javigarc/homebrew/Cellar/valgrind/HEAD-da51a73/libexec/valgrind/vgpreload_memcheck-amd64-darwin.so)
==13201==    by 0x1003E0FA3: _owned_ptr_alloc (in /usr/lib/system/libsystem_c.dylib)
==13201==    by 0x1003E1675: setenv (in /usr/lib/system/libsystem_c.dylib)
==13201==    by 0x100683346: _libxpc_initializer (in /usr/lib/system/libxpc.dylib)
==13201==    by 0x1001337A0: libSystem_initializer (in /usr/lib/libSystem.B.dylib)
==13201==    by 0x10002B352: ImageLoaderMachO::doModInitFunctions(ImageLoader::LinkContext const&) (in /usr/lib/dyld)
==13201==    by 0x10002B75D: ImageLoaderMachO::doInitialization(ImageLoader::LinkContext const&) (in /usr/lib/dyld)
==13201==    by 0x10002617A: ImageLoader::recursiveInitialization(ImageLoader::LinkContext const&, unsigned int, char const*, ImageLoader::InitializerTimingList&, ImageLoader::UninitedUpwards&) (in /usr/lib/dyld)
==13201==    by 0x1000260E5: ImageLoader::recursiveInitialization(ImageLoader::LinkContext const&, unsigned int, char const*, ImageLoader::InitializerTimingList&, ImageLoader::UninitedUpwards&) (in /usr/lib/dyld)
==13201==    by 0x100024233: ImageLoader::processInitializers(ImageLoader::LinkContext const&, unsigned int, ImageLoader::InitializerTimingList&, ImageLoader::UninitedUpwards&) (in /usr/lib/dyld)
==13201==    by 0x1000242D3: ImageLoader::runInitializers(ImageLoader::LinkContext const&, ImageLoader::InitializerTimingList&) (in /usr/lib/dyld)
==13201==    by 0x100012661: dyld::initializeMainExecutable() (in /usr/lib/dyld)
==13201== 
==13201== 128 bytes in 1 blocks are definitely lost in loss record 31 of 51
==13201==    at 0x100124BA0: calloc (in /System/Volumes/Data/sgoinfre/goinfre/Perso/javigarc/homebrew/Cellar/valgrind/HEAD-da51a73/libexec/valgrind/vgpreload_memcheck-amd64-darwin.so)
==13201==    by 0x1006EB667: objc_msgSend_stret (in /usr/lib/libobjc.A.dylib)
==13201==    by 0x100243FEC: _os_object_alloc_realized (in /usr/lib/system/libdispatch.dylib)
==13201==    by 0x100248BC5: _dispatch_lane_create_with_target (in /usr/lib/system/libdispatch.dylib)
==13201==    by 0x10064B5F5: _libtrace_init (in /usr/lib/system/libsystem_trace.dylib)
==13201==    by 0x1001337B0: libSystem_initializer (in /usr/lib/libSystem.B.dylib)
==13201==    by 0x10002B352: ImageLoaderMachO::doModInitFunctions(ImageLoader::LinkContext const&) (in /usr/lib/dyld)
==13201==    by 0x10002B75D: ImageLoaderMachO::doInitialization(ImageLoader::LinkContext const&) (in /usr/lib/dyld)
==13201==    by 0x10002617A: ImageLoader::recursiveInitialization(ImageLoader::LinkContext const&, unsigned int, char const*, ImageLoader::InitializerTimingList&, ImageLoader::UninitedUpwards&) (in /usr/lib/dyld)
==13201==    by 0x1000260E5: ImageLoader::recursiveInitialization(ImageLoader::LinkContext const&, unsigned int, char const*, ImageLoader::InitializerTimingList&, ImageLoader::UninitedUpwards&) (in /usr/lib/dyld)
==13201==    by 0x100024233: ImageLoader::processInitializers(ImageLoader::LinkContext const&, unsigned int, ImageLoader::InitializerTimingList&, ImageLoader::UninitedUpwards&) (in /usr/lib/dyld)
==13201==    by 0x1000242D3: ImageLoader::runInitializers(ImageLoader::LinkContext const&, ImageLoader::InitializerTimingList&) (in /usr/lib/dyld)
==13201== 
==13201== 200 bytes in 1 blocks are still reachable in loss record 33 of 51
==13201==    at 0x100124545: malloc (in /System/Volumes/Data/sgoinfre/goinfre/Perso/javigarc/homebrew/Cellar/valgrind/HEAD-da51a73/libexec/valgrind/vgpreload_memcheck-amd64-darwin.so)
==13201==    by 0x100003B6E: ft_set_philos (philo_set.c:36)
==13201==    by 0x100003D69: ft_set_table (philo_set.c:77)
==13201==    by 0x100002FDF: main (philo_bonus.c:22)
==13201== 
==13201== 240 bytes in 5 blocks are indirectly lost in loss record 34 of 51
==13201==    at 0x100124545: malloc (in /System/Volumes/Data/sgoinfre/goinfre/Perso/javigarc/homebrew/Cellar/valgrind/HEAD-da51a73/libexec/valgrind/vgpreload_memcheck-amd64-darwin.so)
==13201==    by 0x1003D8CE5: strdup (in /usr/lib/system/libsystem_c.dylib)
==13201==    by 0x10068385D: xpc_string_create (in /usr/lib/system/libxpc.dylib)
==13201==    by 0x10068382F: xpc_dictionary_set_string (in /usr/lib/system/libxpc.dylib)
==13201==    by 0x100683685: _xpc_collect_environment (in /usr/lib/system/libxpc.dylib)
==13201==    by 0x100683292: _libxpc_initializer (in /usr/lib/system/libxpc.dylib)
==13201==    by 0x1001337A0: libSystem_initializer (in /usr/lib/libSystem.B.dylib)
==13201==    by 0x10002B352: ImageLoaderMachO::doModInitFunctions(ImageLoader::LinkContext const&) (in /usr/lib/dyld)
==13201==    by 0x10002B75D: ImageLoaderMachO::doInitialization(ImageLoader::LinkContext const&) (in /usr/lib/dyld)
==13201==    by 0x10002617A: ImageLoader::recursiveInitialization(ImageLoader::LinkContext const&, unsigned int, char const*, ImageLoader::InitializerTimingList&, ImageLoader::UninitedUpwards&) (in /usr/lib/dyld)
==13201==    by 0x1000260E5: ImageLoader::recursiveInitialization(ImageLoader::LinkContext const&, unsigned int, char const*, ImageLoader::InitializerTimingList&, ImageLoader::UninitedUpwards&) (in /usr/lib/dyld)
==13201==    by 0x100024233: ImageLoader::processInitializers(ImageLoader::LinkContext const&, unsigned int, ImageLoader::InitializerTimingList&, ImageLoader::UninitedUpwards&) (in /usr/lib/dyld)
==13201== 
==13201== 240 bytes in 5 blocks are indirectly lost in loss record 35 of 51
==13201==    at 0x100124BA0: calloc (in /System/Volumes/Data/sgoinfre/goinfre/Perso/javigarc/homebrew/Cellar/valgrind/HEAD-da51a73/libexec/valgrind/vgpreload_memcheck-amd64-darwin.so)
==13201==    by 0x1006EB667: objc_msgSend_stret (in /usr/lib/libobjc.A.dylib)
==13201==    by 0x100243FEC: _os_object_alloc_realized (in /usr/lib/system/libdispatch.dylib)
==13201==    by 0x10069FD06: _xpc_string_create (in /usr/lib/system/libxpc.dylib)
==13201==    by 0x10068382F: xpc_dictionary_set_string (in /usr/lib/system/libxpc.dylib)
==13201==    by 0x100683685: _xpc_collect_environment (in /usr/lib/system/libxpc.dylib)
==13201==    by 0x100683292: _libxpc_initializer (in /usr/lib/system/libxpc.dylib)
==13201==    by 0x1001337A0: libSystem_initializer (in /usr/lib/libSystem.B.dylib)
==13201==    by 0x10002B352: ImageLoaderMachO::doModInitFunctions(ImageLoader::LinkContext const&) (in /usr/lib/dyld)
==13201==    by 0x10002B75D: ImageLoaderMachO::doInitialization(ImageLoader::LinkContext const&) (in /usr/lib/dyld)
==13201==    by 0x10002617A: ImageLoader::recursiveInitialization(ImageLoader::LinkContext const&, unsigned int, char const*, ImageLoader::InitializerTimingList&, ImageLoader::UninitedUpwards&) (in /usr/lib/dyld)
==13201==    by 0x1000260E5: ImageLoader::recursiveInitialization(ImageLoader::LinkContext const&, unsigned int, char const*, ImageLoader::InitializerTimingList&, ImageLoader::UninitedUpwards&) (in /usr/lib/dyld)
==13201== 
==13201== 255 bytes in 5 blocks are indirectly lost in loss record 36 of 51
==13201==    at 0x100124545: malloc (in /System/Volumes/Data/sgoinfre/goinfre/Perso/javigarc/homebrew/Cellar/valgrind/HEAD-da51a73/libexec/valgrind/vgpreload_memcheck-amd64-darwin.so)
==13201==    by 0x100683C06: _xpc_malloc (in /usr/lib/system/libxpc.dylib)
==13201==    by 0x100683AE1: _xpc_dictionary_insert (in /usr/lib/system/libxpc.dylib)
==13201==    by 0x100683840: xpc_dictionary_set_string (in /usr/lib/system/libxpc.dylib)
==13201==    by 0x100683685: _xpc_collect_environment (in /usr/lib/system/libxpc.dylib)
==13201==    by 0x100683292: _libxpc_initializer (in /usr/lib/system/libxpc.dylib)
==13201==    by 0x1001337A0: libSystem_initializer (in /usr/lib/libSystem.B.dylib)
==13201==    by 0x10002B352: ImageLoaderMachO::doModInitFunctions(ImageLoader::LinkContext const&) (in /usr/lib/dyld)
==13201==    by 0x10002B75D: ImageLoaderMachO::doInitialization(ImageLoader::LinkContext const&) (in /usr/lib/dyld)
==13201==    by 0x10002617A: ImageLoader::recursiveInitialization(ImageLoader::LinkContext const&, unsigned int, char const*, ImageLoader::InitializerTimingList&, ImageLoader::UninitedUpwards&) (in /usr/lib/dyld)
==13201==    by 0x1000260E5: ImageLoader::recursiveInitialization(ImageLoader::LinkContext const&, unsigned int, char const*, ImageLoader::InitializerTimingList&, ImageLoader::UninitedUpwards&) (in /usr/lib/dyld)
==13201==    by 0x100024233: ImageLoader::processInitializers(ImageLoader::LinkContext const&, unsigned int, ImageLoader::InitializerTimingList&, ImageLoader::UninitedUpwards&) (in /usr/lib/dyld)
==13201== 
==13201== 362 bytes in 2 blocks are indirectly lost in loss record 38 of 51
==13201==    at 0x100124545: malloc (in /System/Volumes/Data/sgoinfre/goinfre/Perso/javigarc/homebrew/Cellar/valgrind/HEAD-da51a73/libexec/valgrind/vgpreload_memcheck-amd64-darwin.so)
==13201==    by 0x100683C06: _xpc_malloc (in /usr/lib/system/libxpc.dylib)
==13201==    by 0x100683AE1: _xpc_dictionary_insert (in /usr/lib/system/libxpc.dylib)
==13201==    by 0x100683E87: _xpc_dyld_image_callback (in /usr/lib/system/libxpc.dylib)
==13201==    by 0x10001499C: dyld::registerBulkLoadCallback(void (*)(unsigned int, mach_header const**, char const**)) (in /usr/lib/dyld)
==13201==    by 0x100683D1A: _xpc_collect_images (in /usr/lib/system/libxpc.dylib)
==13201==    by 0x100683297: _libxpc_initializer (in /usr/lib/system/libxpc.dylib)
==13201==    by 0x1001337A0: libSystem_initializer (in /usr/lib/libSystem.B.dylib)
==13201==    by 0x10002B352: ImageLoaderMachO::doModInitFunctions(ImageLoader::LinkContext const&) (in /usr/lib/dyld)
==13201==    by 0x10002B75D: ImageLoaderMachO::doInitialization(ImageLoader::LinkContext const&) (in /usr/lib/dyld)
==13201==    by 0x10002617A: ImageLoader::recursiveInitialization(ImageLoader::LinkContext const&, unsigned int, char const*, ImageLoader::InitializerTimingList&, ImageLoader::UninitedUpwards&) (in /usr/lib/dyld)
==13201==    by 0x1000260E5: ImageLoader::recursiveInitialization(ImageLoader::LinkContext const&, unsigned int, char const*, ImageLoader::InitializerTimingList&, ImageLoader::UninitedUpwards&) (in /usr/lib/dyld)
==13201== 
==13201== 458 (96 direct, 362 indirect) bytes in 1 blocks are definitely lost in loss record 39 of 51
==13201==    at 0x100124BA0: calloc (in /System/Volumes/Data/sgoinfre/goinfre/Perso/javigarc/homebrew/Cellar/valgrind/HEAD-da51a73/libexec/valgrind/vgpreload_memcheck-amd64-darwin.so)
==13201==    by 0x1006EB667: objc_msgSend_stret (in /usr/lib/libobjc.A.dylib)
==13201==    by 0x100243FEC: _os_object_alloc_realized (in /usr/lib/system/libdispatch.dylib)
==13201==    by 0x1006837D7: xpc_dictionary_create (in /usr/lib/system/libxpc.dylib)
==13201==    by 0x100683E02: _xpc_dyld_image_callback (in /usr/lib/system/libxpc.dylib)
==13201==    by 0x10001499C: dyld::registerBulkLoadCallback(void (*)(unsigned int, mach_header const**, char const**)) (in /usr/lib/dyld)
==13201==    by 0x100683D1A: _xpc_collect_images (in /usr/lib/system/libxpc.dylib)
==13201==    by 0x100683297: _libxpc_initializer (in /usr/lib/system/libxpc.dylib)
==13201==    by 0x1001337A0: libSystem_initializer (in /usr/lib/libSystem.B.dylib)
==13201==    by 0x10002B352: ImageLoaderMachO::doModInitFunctions(ImageLoader::LinkContext const&) (in /usr/lib/dyld)
==13201==    by 0x10002B75D: ImageLoaderMachO::doInitialization(ImageLoader::LinkContext const&) (in /usr/lib/dyld)
==13201==    by 0x10002617A: ImageLoader::recursiveInitialization(ImageLoader::LinkContext const&, unsigned int, char const*, ImageLoader::InitializerTimingList&, ImageLoader::UninitedUpwards&) (in /usr/lib/dyld)
==13201== 
==13201== 831 (96 direct, 735 indirect) bytes in 1 blocks are definitely lost in loss record 42 of 51
==13201==    at 0x100124BA0: calloc (in /System/Volumes/Data/sgoinfre/goinfre/Perso/javigarc/homebrew/Cellar/valgrind/HEAD-da51a73/libexec/valgrind/vgpreload_memcheck-amd64-darwin.so)
==13201==    by 0x1006EB667: objc_msgSend_stret (in /usr/lib/libobjc.A.dylib)
==13201==    by 0x100243FEC: _os_object_alloc_realized (in /usr/lib/system/libdispatch.dylib)
==13201==    by 0x1006837D7: xpc_dictionary_create (in /usr/lib/system/libxpc.dylib)
==13201==    by 0x100683659: _xpc_collect_environment (in /usr/lib/system/libxpc.dylib)
==13201==    by 0x100683292: _libxpc_initializer (in /usr/lib/system/libxpc.dylib)
==13201==    by 0x1001337A0: libSystem_initializer (in /usr/lib/libSystem.B.dylib)
==13201==    by 0x10002B352: ImageLoaderMachO::doModInitFunctions(ImageLoader::LinkContext const&) (in /usr/lib/dyld)
==13201==    by 0x10002B75D: ImageLoaderMachO::doInitialization(ImageLoader::LinkContext const&) (in /usr/lib/dyld)
==13201==    by 0x10002617A: ImageLoader::recursiveInitialization(ImageLoader::LinkContext const&, unsigned int, char const*, ImageLoader::InitializerTimingList&, ImageLoader::UninitedUpwards&) (in /usr/lib/dyld)
==13201==    by 0x1000260E5: ImageLoader::recursiveInitialization(ImageLoader::LinkContext const&, unsigned int, char const*, ImageLoader::InitializerTimingList&, ImageLoader::UninitedUpwards&) (in /usr/lib/dyld)
==13201==    by 0x100024233: ImageLoader::processInitializers(ImageLoader::LinkContext const&, unsigned int, ImageLoader::InitializerTimingList&, ImageLoader::UninitedUpwards&) (in /usr/lib/dyld)
==13201== 
==13201== 896 bytes in 28 blocks are definitely lost in loss record 43 of 51
==13201==    at 0x100124BA0: calloc (in /System/Volumes/Data/sgoinfre/goinfre/Perso/javigarc/homebrew/Cellar/valgrind/HEAD-da51a73/libexec/valgrind/vgpreload_memcheck-amd64-darwin.so)
==13201==    by 0x1006FC5F3: objc::DenseMap<objc_class*, objc_class*, objc::DenseMapValueInfo<objc_class*>, objc::DenseMapInfo<objc_class*>, objc::detail::DenseMapPair<objc_class*, objc_class*> >::grow(unsigned int) (in /usr/lib/libobjc.A.dylib)
==13201==    by 0x1006E8406: objc_opt::objc_stringhash_t::getIndex(char const*) const (in /usr/lib/libobjc.A.dylib)
==13201==    by 0x1006F82D0: unmap_image (in /usr/lib/libobjc.A.dylib)
==13201==    by 0x100015667: dyld::notifyBatchPartial(dyld_image_states, bool, char const* (*)(dyld_image_states, unsigned int, dyld_image_info const*), bool, bool) (in /usr/lib/dyld)
==13201==    by 0x100015808: dyld::registerObjCNotifiers(void (*)(unsigned int, char const* const*, mach_header const* const*), void (*)(char const*, mach_header const*), void (*)(char const*, mach_header const*)) (in /usr/lib/dyld)
==13201==    by 0x1002C1AD0: _dyld_objc_notify_register (in /usr/lib/system/libdyld.dylib)
==13201==    by 0x1006E6DAF: map_images_nolock (in /usr/lib/libobjc.A.dylib)
==13201==    by 0x100243F38: _os_object_init (in /usr/lib/system/libdispatch.dylib)
==13201==    by 0x1002500E7: libdispatch_init (in /usr/lib/system/libdispatch.dylib)
==13201==    by 0x100133790: libSystem_initializer (in /usr/lib/libSystem.B.dylib)
==13201==    by 0x10002B352: ImageLoaderMachO::doModInitFunctions(ImageLoader::LinkContext const&) (in /usr/lib/dyld)
==13201== 
==13201== 896 bytes in 28 blocks are definitely lost in loss record 44 of 51
==13201==    at 0x100124BA0: calloc (in /System/Volumes/Data/sgoinfre/goinfre/Perso/javigarc/homebrew/Cellar/valgrind/HEAD-da51a73/libexec/valgrind/vgpreload_memcheck-amd64-darwin.so)
==13201==    by 0x1006FC5F3: objc::DenseMap<objc_class*, objc_class*, objc::DenseMapValueInfo<objc_class*>, objc::DenseMapInfo<objc_class*>, objc::detail::DenseMapPair<objc_class*, objc_class*> >::grow(unsigned int) (in /usr/lib/libobjc.A.dylib)
==13201==    by 0x1006FC6C6: objc_class::mangledName() (in /usr/lib/libobjc.A.dylib)
==13201==    by 0x1006E8406: objc_opt::objc_stringhash_t::getIndex(char const*) const (in /usr/lib/libobjc.A.dylib)
==13201==    by 0x1006F82D0: unmap_image (in /usr/lib/libobjc.A.dylib)
==13201==    by 0x100015667: dyld::notifyBatchPartial(dyld_image_states, bool, char const* (*)(dyld_image_states, unsigned int, dyld_image_info const*), bool, bool) (in /usr/lib/dyld)
==13201==    by 0x100015808: dyld::registerObjCNotifiers(void (*)(unsigned int, char const* const*, mach_header const* const*), void (*)(char const*, mach_header const*), void (*)(char const*, mach_header const*)) (in /usr/lib/dyld)
==13201==    by 0x1002C1AD0: _dyld_objc_notify_register (in /usr/lib/system/libdyld.dylib)
==13201==    by 0x1006E6DAF: map_images_nolock (in /usr/lib/libobjc.A.dylib)
==13201==    by 0x100243F38: _os_object_init (in /usr/lib/system/libdispatch.dylib)
==13201==    by 0x1002500E7: libdispatch_init (in /usr/lib/system/libdispatch.dylib)
==13201==    by 0x100133790: libSystem_initializer (in /usr/lib/libSystem.B.dylib)
==13201== 
==13201== 1,024 bytes in 1 blocks are still reachable in loss record 45 of 51
==13201==    at 0x100124BA0: calloc (in /System/Volumes/Data/sgoinfre/goinfre/Perso/javigarc/homebrew/Cellar/valgrind/HEAD-da51a73/libexec/valgrind/vgpreload_memcheck-amd64-darwin.so)
==13201==    by 0x1004485F2: _dirhelper_init (in /usr/lib/system/libsystem_coreservices.dylib)
==13201==    by 0x10060FEC6: _os_once_callout (in /usr/lib/system/libsystem_platform.dylib)
==13201==    by 0x100449C4A: _libcoreservices_fork_child (in /usr/lib/system/libsystem_coreservices.dylib)
==13201==    by 0x100133AA8: libSystem_atfork_child (in /usr/lib/libSystem.B.dylib)
==13201==    by 0x1003928AC: fork (in /usr/lib/system/libsystem_c.dylib)
==13201==    by 0x100003039: ft_start_process (philo_process.c:23)
==13201==    by 0x100002FE8: main (philo_bonus.c:23)
==13201== 
==13201== 1,024 bytes in 1 blocks are still reachable in loss record 46 of 51
==13201==    at 0x100124BA0: calloc (in /System/Volumes/Data/sgoinfre/goinfre/Perso/javigarc/homebrew/Cellar/valgrind/HEAD-da51a73/libexec/valgrind/vgpreload_memcheck-amd64-darwin.so)
==13201==    by 0x100448627: _dirhelper_init (in /usr/lib/system/libsystem_coreservices.dylib)
==13201==    by 0x10060FEC6: _os_once_callout (in /usr/lib/system/libsystem_platform.dylib)
==13201==    by 0x100449C4A: _libcoreservices_fork_child (in /usr/lib/system/libsystem_coreservices.dylib)
==13201==    by 0x100133AA8: libSystem_atfork_child (in /usr/lib/libSystem.B.dylib)
==13201==    by 0x1003928AC: fork (in /usr/lib/system/libsystem_c.dylib)
==13201==    by 0x100003039: ft_start_process (philo_process.c:23)
==13201==    by 0x100002FE8: main (philo_bonus.c:23)
==13201== 
==13201== 4,096 bytes in 1 blocks are definitely lost in loss record 51 of 51
==13201==    at 0x100124545: malloc (in /System/Volumes/Data/sgoinfre/goinfre/Perso/javigarc/homebrew/Cellar/valgrind/HEAD-da51a73/libexec/valgrind/vgpreload_memcheck-amd64-darwin.so)
==13201==    by 0x1003BE367: __smakebuf (in /usr/lib/system/libsystem_c.dylib)
==13201==    by 0x1003D1C4D: __swsetup (in /usr/lib/system/libsystem_c.dylib)
==13201==    by 0x1003EA94E: __v2printf (in /usr/lib/system/libsystem_c.dylib)
==13201==    by 0x1003C32B1: vfprintf_l (in /usr/lib/system/libsystem_c.dylib)
==13201==    by 0x1003C141D: printf (in /usr/lib/system/libsystem_c.dylib)
==13201==    by 0x1000033A6: ft_print (philo_utils.c:71)
==13201==    by 0x1000038ED: ft_philo_eats (philo_run.c:45)
==13201==    by 0x100003787: ft_philo_life (philo_run.c:23)
==13201==    by 0x100003090: ft_start_process (philo_process.c:25)
==13201==    by 0x100002FE8: main (philo_bonus.c:23)
==13201== 
==13201== LEAK SUMMARY:
==13201==    definitely lost: 6,352 bytes in 64 blocks
==13201==    indirectly lost: 1,161 bytes in 18 blocks
==13201==      possibly lost: 0 bytes in 0 blocks
==13201==    still reachable: 2,566 bytes in 10 blocks
==13201==         suppressed: 10,438 bytes in 77 blocks
==13201== 
==13201== For lists of detected and suppressed errors, rerun with: -s
==13201== ERROR SUMMARY: 10 errors from 10 contexts (suppressed: 10 from 10)
==13194== 
==13194== HEAP SUMMARY:
==13194==     in use at exit: 13,855 bytes in 158 blocks
==13194==   total heap usage: 173 allocs, 15 frees, 18,799 bytes allocated
==13194== 
==13194== 32 bytes in 1 blocks are definitely lost in loss record 13 of 40
==13194==    at 0x100124BA0: calloc (in /System/Volumes/Data/sgoinfre/goinfre/Perso/javigarc/homebrew/Cellar/valgrind/HEAD-da51a73/libexec/valgrind/vgpreload_memcheck-amd64-darwin.so)
==13194==    by 0x1006FC5F3: objc::DenseMap<objc_class*, objc_class*, objc::DenseMapValueInfo<objc_class*>, objc::DenseMapInfo<objc_class*>, objc::detail::DenseMapPair<objc_class*, objc_class*> >::grow(unsigned int) (in /usr/lib/libobjc.A.dylib)
==13194==    by 0x1006FC69F: objc_class::mangledName() (in /usr/lib/libobjc.A.dylib)
==13194==    by 0x1006E8406: objc_opt::objc_stringhash_t::getIndex(char const*) const (in /usr/lib/libobjc.A.dylib)
==13194==    by 0x1006F82D0: unmap_image (in /usr/lib/libobjc.A.dylib)
==13194==    by 0x100015667: dyld::notifyBatchPartial(dyld_image_states, bool, char const* (*)(dyld_image_states, unsigned int, dyld_image_info const*), bool, bool) (in /usr/lib/dyld)
==13194==    by 0x100015808: dyld::registerObjCNotifiers(void (*)(unsigned int, char const* const*, mach_header const* const*), void (*)(char const*, mach_header const*), void (*)(char const*, mach_header const*)) (in /usr/lib/dyld)
==13194==    by 0x1002C1AD0: _dyld_objc_notify_register (in /usr/lib/system/libdyld.dylib)
==13194==    by 0x1006E6DAF: map_images_nolock (in /usr/lib/libobjc.A.dylib)
==13194==    by 0x100243F38: _os_object_init (in /usr/lib/system/libdispatch.dylib)
==13194==    by 0x1002500E7: libdispatch_init (in /usr/lib/system/libdispatch.dylib)
==13194==    by 0x100133790: libSystem_initializer (in /usr/lib/libSystem.B.dylib)
==13194== 
==13194== 32 bytes in 1 blocks are definitely lost in loss record 14 of 40
==13194==    at 0x100124BA0: calloc (in /System/Volumes/Data/sgoinfre/goinfre/Perso/javigarc/homebrew/Cellar/valgrind/HEAD-da51a73/libexec/valgrind/vgpreload_memcheck-amd64-darwin.so)
==13194==    by 0x1006FC5F3: objc::DenseMap<objc_class*, objc_class*, objc::DenseMapValueInfo<objc_class*>, objc::DenseMapInfo<objc_class*>, objc::detail::DenseMapPair<objc_class*, objc_class*> >::grow(unsigned int) (in /usr/lib/libobjc.A.dylib)
==13194==    by 0x1006FC6C6: objc_class::mangledName() (in /usr/lib/libobjc.A.dylib)
==13194==    by 0x1006FC69F: objc_class::mangledName() (in /usr/lib/libobjc.A.dylib)
==13194==    by 0x1006E8406: objc_opt::objc_stringhash_t::getIndex(char const*) const (in /usr/lib/libobjc.A.dylib)
==13194==    by 0x1006F82D0: unmap_image (in /usr/lib/libobjc.A.dylib)
==13194==    by 0x100015667: dyld::notifyBatchPartial(dyld_image_states, bool, char const* (*)(dyld_image_states, unsigned int, dyld_image_info const*), bool, bool) (in /usr/lib/dyld)
==13194==    by 0x100015808: dyld::registerObjCNotifiers(void (*)(unsigned int, char const* const*, mach_header const* const*), void (*)(char const*, mach_header const*), void (*)(char const*, mach_header const*)) (in /usr/lib/dyld)
==13194==    by 0x1002C1AD0: _dyld_objc_notify_register (in /usr/lib/system/libdyld.dylib)
==13194==    by 0x1006E6DAF: map_images_nolock (in /usr/lib/libobjc.A.dylib)
==13194==    by 0x100243F38: _os_object_init (in /usr/lib/system/libdispatch.dylib)
==13194==    by 0x1002500E7: libdispatch_init (in /usr/lib/system/libdispatch.dylib)
==13194== 
==13194== 64 bytes in 1 blocks are indirectly lost in loss record 19 of 40
==13194==    at 0x100124545: malloc (in /System/Volumes/Data/sgoinfre/goinfre/Perso/javigarc/homebrew/Cellar/valgrind/HEAD-da51a73/libexec/valgrind/vgpreload_memcheck-amd64-darwin.so)
==13194==    by 0x1003E0FB5: _owned_ptr_alloc (in /usr/lib/system/libsystem_c.dylib)
==13194==    by 0x1003E1675: setenv (in /usr/lib/system/libsystem_c.dylib)
==13194==    by 0x100683346: _libxpc_initializer (in /usr/lib/system/libxpc.dylib)
==13194==    by 0x1001337A0: libSystem_initializer (in /usr/lib/libSystem.B.dylib)
==13194==    by 0x10002B352: ImageLoaderMachO::doModInitFunctions(ImageLoader::LinkContext const&) (in /usr/lib/dyld)
==13194==    by 0x10002B75D: ImageLoaderMachO::doInitialization(ImageLoader::LinkContext const&) (in /usr/lib/dyld)
==13194==    by 0x10002617A: ImageLoader::recursiveInitialization(ImageLoader::LinkContext const&, unsigned int, char const*, ImageLoader::InitializerTimingList&, ImageLoader::UninitedUpwards&) (in /usr/lib/dyld)
==13194==    by 0x1000260E5: ImageLoader::recursiveInitialization(ImageLoader::LinkContext const&, unsigned int, char const*, ImageLoader::InitializerTimingList&, ImageLoader::UninitedUpwards&) (in /usr/lib/dyld)
==13194==    by 0x100024233: ImageLoader::processInitializers(ImageLoader::LinkContext const&, unsigned int, ImageLoader::InitializerTimingList&, ImageLoader::UninitedUpwards&) (in /usr/lib/dyld)
==13194==    by 0x1000242D3: ImageLoader::runInitializers(ImageLoader::LinkContext const&, ImageLoader::InitializerTimingList&) (in /usr/lib/dyld)
==13194==    by 0x100012661: dyld::initializeMainExecutable() (in /usr/lib/dyld)
==13194== 
==13194== 80 (16 direct, 64 indirect) bytes in 1 blocks are definitely lost in loss record 20 of 40
==13194==    at 0x100124545: malloc (in /System/Volumes/Data/sgoinfre/goinfre/Perso/javigarc/homebrew/Cellar/valgrind/HEAD-da51a73/libexec/valgrind/vgpreload_memcheck-amd64-darwin.so)
==13194==    by 0x1003E0FA3: _owned_ptr_alloc (in /usr/lib/system/libsystem_c.dylib)
==13194==    by 0x1003E1675: setenv (in /usr/lib/system/libsystem_c.dylib)
==13194==    by 0x100683346: _libxpc_initializer (in /usr/lib/system/libxpc.dylib)
==13194==    by 0x1001337A0: libSystem_initializer (in /usr/lib/libSystem.B.dylib)
==13194==    by 0x10002B352: ImageLoaderMachO::doModInitFunctions(ImageLoader::LinkContext const&) (in /usr/lib/dyld)
==13194==    by 0x10002B75D: ImageLoaderMachO::doInitialization(ImageLoader::LinkContext const&) (in /usr/lib/dyld)
==13194==    by 0x10002617A: ImageLoader::recursiveInitialization(ImageLoader::LinkContext const&, unsigned int, char const*, ImageLoader::InitializerTimingList&, ImageLoader::UninitedUpwards&) (in /usr/lib/dyld)
==13194==    by 0x1000260E5: ImageLoader::recursiveInitialization(ImageLoader::LinkContext const&, unsigned int, char const*, ImageLoader::InitializerTimingList&, ImageLoader::UninitedUpwards&) (in /usr/lib/dyld)
==13194==    by 0x100024233: ImageLoader::processInitializers(ImageLoader::LinkContext const&, unsigned int, ImageLoader::InitializerTimingList&, ImageLoader::UninitedUpwards&) (in /usr/lib/dyld)
==13194==    by 0x1000242D3: ImageLoader::runInitializers(ImageLoader::LinkContext const&, ImageLoader::InitializerTimingList&) (in /usr/lib/dyld)
==13194==    by 0x100012661: dyld::initializeMainExecutable() (in /usr/lib/dyld)
==13194== 
==13194== 128 bytes in 1 blocks are definitely lost in loss record 24 of 40
==13194==    at 0x100124BA0: calloc (in /System/Volumes/Data/sgoinfre/goinfre/Perso/javigarc/homebrew/Cellar/valgrind/HEAD-da51a73/libexec/valgrind/vgpreload_memcheck-amd64-darwin.so)
==13194==    by 0x1006EB667: objc_msgSend_stret (in /usr/lib/libobjc.A.dylib)
==13194==    by 0x100243FEC: _os_object_alloc_realized (in /usr/lib/system/libdispatch.dylib)
==13194==    by 0x100248BC5: _dispatch_lane_create_with_target (in /usr/lib/system/libdispatch.dylib)
==13194==    by 0x10064B5F5: _libtrace_init (in /usr/lib/system/libsystem_trace.dylib)
==13194==    by 0x1001337B0: libSystem_initializer (in /usr/lib/libSystem.B.dylib)
==13194==    by 0x10002B352: ImageLoaderMachO::doModInitFunctions(ImageLoader::LinkContext const&) (in /usr/lib/dyld)
==13194==    by 0x10002B75D: ImageLoaderMachO::doInitialization(ImageLoader::LinkContext const&) (in /usr/lib/dyld)
==13194==    by 0x10002617A: ImageLoader::recursiveInitialization(ImageLoader::LinkContext const&, unsigned int, char const*, ImageLoader::InitializerTimingList&, ImageLoader::UninitedUpwards&) (in /usr/lib/dyld)
==13194==    by 0x1000260E5: ImageLoader::recursiveInitialization(ImageLoader::LinkContext const&, unsigned int, char const*, ImageLoader::InitializerTimingList&, ImageLoader::UninitedUpwards&) (in /usr/lib/dyld)
==13194==    by 0x100024233: ImageLoader::processInitializers(ImageLoader::LinkContext const&, unsigned int, ImageLoader::InitializerTimingList&, ImageLoader::UninitedUpwards&) (in /usr/lib/dyld)
==13194==    by 0x1000242D3: ImageLoader::runInitializers(ImageLoader::LinkContext const&, ImageLoader::InitializerTimingList&) (in /usr/lib/dyld)
==13194== 
==13194== 240 bytes in 5 blocks are indirectly lost in loss record 26 of 40
==13194==    at 0x100124545: malloc (in /System/Volumes/Data/sgoinfre/goinfre/Perso/javigarc/homebrew/Cellar/valgrind/HEAD-da51a73/libexec/valgrind/vgpreload_memcheck-amd64-darwin.so)
==13194==    by 0x1003D8CE5: strdup (in /usr/lib/system/libsystem_c.dylib)
==13194==    by 0x10068385D: xpc_string_create (in /usr/lib/system/libxpc.dylib)
==13194==    by 0x10068382F: xpc_dictionary_set_string (in /usr/lib/system/libxpc.dylib)
==13194==    by 0x100683685: _xpc_collect_environment (in /usr/lib/system/libxpc.dylib)
==13194==    by 0x100683292: _libxpc_initializer (in /usr/lib/system/libxpc.dylib)
==13194==    by 0x1001337A0: libSystem_initializer (in /usr/lib/libSystem.B.dylib)
==13194==    by 0x10002B352: ImageLoaderMachO::doModInitFunctions(ImageLoader::LinkContext const&) (in /usr/lib/dyld)
==13194==    by 0x10002B75D: ImageLoaderMachO::doInitialization(ImageLoader::LinkContext const&) (in /usr/lib/dyld)
==13194==    by 0x10002617A: ImageLoader::recursiveInitialization(ImageLoader::LinkContext const&, unsigned int, char const*, ImageLoader::InitializerTimingList&, ImageLoader::UninitedUpwards&) (in /usr/lib/dyld)
==13194==    by 0x1000260E5: ImageLoader::recursiveInitialization(ImageLoader::LinkContext const&, unsigned int, char const*, ImageLoader::InitializerTimingList&, ImageLoader::UninitedUpwards&) (in /usr/lib/dyld)
==13194==    by 0x100024233: ImageLoader::processInitializers(ImageLoader::LinkContext const&, unsigned int, ImageLoader::InitializerTimingList&, ImageLoader::UninitedUpwards&) (in /usr/lib/dyld)
==13194== 
==13194== 240 bytes in 5 blocks are indirectly lost in loss record 27 of 40
==13194==    at 0x100124BA0: calloc (in /System/Volumes/Data/sgoinfre/goinfre/Perso/javigarc/homebrew/Cellar/valgrind/HEAD-da51a73/libexec/valgrind/vgpreload_memcheck-amd64-darwin.so)
==13194==    by 0x1006EB667: objc_msgSend_stret (in /usr/lib/libobjc.A.dylib)
==13194==    by 0x100243FEC: _os_object_alloc_realized (in /usr/lib/system/libdispatch.dylib)
==13194==    by 0x10069FD06: _xpc_string_create (in /usr/lib/system/libxpc.dylib)
==13194==    by 0x10068382F: xpc_dictionary_set_string (in /usr/lib/system/libxpc.dylib)
==13194==    by 0x100683685: _xpc_collect_environment (in /usr/lib/system/libxpc.dylib)
==13194==    by 0x100683292: _libxpc_initializer (in /usr/lib/system/libxpc.dylib)
==13194==    by 0x1001337A0: libSystem_initializer (in /usr/lib/libSystem.B.dylib)
==13194==    by 0x10002B352: ImageLoaderMachO::doModInitFunctions(ImageLoader::LinkContext const&) (in /usr/lib/dyld)
==13194==    by 0x10002B75D: ImageLoaderMachO::doInitialization(ImageLoader::LinkContext const&) (in /usr/lib/dyld)
==13194==    by 0x10002617A: ImageLoader::recursiveInitialization(ImageLoader::LinkContext const&, unsigned int, char const*, ImageLoader::InitializerTimingList&, ImageLoader::UninitedUpwards&) (in /usr/lib/dyld)
==13194==    by 0x1000260E5: ImageLoader::recursiveInitialization(ImageLoader::LinkContext const&, unsigned int, char const*, ImageLoader::InitializerTimingList&, ImageLoader::UninitedUpwards&) (in /usr/lib/dyld)
==13194== 
==13194== 255 bytes in 5 blocks are indirectly lost in loss record 28 of 40
==13194==    at 0x100124545: malloc (in /System/Volumes/Data/sgoinfre/goinfre/Perso/javigarc/homebrew/Cellar/valgrind/HEAD-da51a73/libexec/valgrind/vgpreload_memcheck-amd64-darwin.so)
==13194==    by 0x100683C06: _xpc_malloc (in /usr/lib/system/libxpc.dylib)
==13194==    by 0x100683AE1: _xpc_dictionary_insert (in /usr/lib/system/libxpc.dylib)
==13194==    by 0x100683840: xpc_dictionary_set_string (in /usr/lib/system/libxpc.dylib)
==13194==    by 0x100683685: _xpc_collect_environment (in /usr/lib/system/libxpc.dylib)
==13194==    by 0x100683292: _libxpc_initializer (in /usr/lib/system/libxpc.dylib)
==13194==    by 0x1001337A0: libSystem_initializer (in /usr/lib/libSystem.B.dylib)
==13194==    by 0x10002B352: ImageLoaderMachO::doModInitFunctions(ImageLoader::LinkContext const&) (in /usr/lib/dyld)
==13194==    by 0x10002B75D: ImageLoaderMachO::doInitialization(ImageLoader::LinkContext const&) (in /usr/lib/dyld)
==13194==    by 0x10002617A: ImageLoader::recursiveInitialization(ImageLoader::LinkContext const&, unsigned int, char const*, ImageLoader::InitializerTimingList&, ImageLoader::UninitedUpwards&) (in /usr/lib/dyld)
==13194==    by 0x1000260E5: ImageLoader::recursiveInitialization(ImageLoader::LinkContext const&, unsigned int, char const*, ImageLoader::InitializerTimingList&, ImageLoader::UninitedUpwards&) (in /usr/lib/dyld)
==13194==    by 0x100024233: ImageLoader::processInitializers(ImageLoader::LinkContext const&, unsigned int, ImageLoader::InitializerTimingList&, ImageLoader::UninitedUpwards&) (in /usr/lib/dyld)
==13194== 
==13194== 362 bytes in 2 blocks are indirectly lost in loss record 30 of 40
==13194==    at 0x100124545: malloc (in /System/Volumes/Data/sgoinfre/goinfre/Perso/javigarc/homebrew/Cellar/valgrind/HEAD-da51a73/libexec/valgrind/vgpreload_memcheck-amd64-darwin.so)
==13194==    by 0x100683C06: _xpc_malloc (in /usr/lib/system/libxpc.dylib)
==13194==    by 0x100683AE1: _xpc_dictionary_insert (in /usr/lib/system/libxpc.dylib)
==13194==    by 0x100683E87: _xpc_dyld_image_callback (in /usr/lib/system/libxpc.dylib)
==13194==    by 0x10001499C: dyld::registerBulkLoadCallback(void (*)(unsigned int, mach_header const**, char const**)) (in /usr/lib/dyld)
==13194==    by 0x100683D1A: _xpc_collect_images (in /usr/lib/system/libxpc.dylib)
==13194==    by 0x100683297: _libxpc_initializer (in /usr/lib/system/libxpc.dylib)
==13194==    by 0x1001337A0: libSystem_initializer (in /usr/lib/libSystem.B.dylib)
==13194==    by 0x10002B352: ImageLoaderMachO::doModInitFunctions(ImageLoader::LinkContext const&) (in /usr/lib/dyld)
==13194==    by 0x10002B75D: ImageLoaderMachO::doInitialization(ImageLoader::LinkContext const&) (in /usr/lib/dyld)
==13194==    by 0x10002617A: ImageLoader::recursiveInitialization(ImageLoader::LinkContext const&, unsigned int, char const*, ImageLoader::InitializerTimingList&, ImageLoader::UninitedUpwards&) (in /usr/lib/dyld)
==13194==    by 0x1000260E5: ImageLoader::recursiveInitialization(ImageLoader::LinkContext const&, unsigned int, char const*, ImageLoader::InitializerTimingList&, ImageLoader::UninitedUpwards&) (in /usr/lib/dyld)
==13194== 
==13194== 458 (96 direct, 362 indirect) bytes in 1 blocks are definitely lost in loss record 31 of 40
==13194==    at 0x100124BA0: calloc (in /System/Volumes/Data/sgoinfre/goinfre/Perso/javigarc/homebrew/Cellar/valgrind/HEAD-da51a73/libexec/valgrind/vgpreload_memcheck-amd64-darwin.so)
==13194==    by 0x1006EB667: objc_msgSend_stret (in /usr/lib/libobjc.A.dylib)
==13194==    by 0x100243FEC: _os_object_alloc_realized (in /usr/lib/system/libdispatch.dylib)
==13194==    by 0x1006837D7: xpc_dictionary_create (in /usr/lib/system/libxpc.dylib)
==13194==    by 0x100683E02: _xpc_dyld_image_callback (in /usr/lib/system/libxpc.dylib)
==13194==    by 0x10001499C: dyld::registerBulkLoadCallback(void (*)(unsigned int, mach_header const**, char const**)) (in /usr/lib/dyld)
==13194==    by 0x100683D1A: _xpc_collect_images (in /usr/lib/system/libxpc.dylib)
==13194==    by 0x100683297: _libxpc_initializer (in /usr/lib/system/libxpc.dylib)
==13194==    by 0x1001337A0: libSystem_initializer (in /usr/lib/libSystem.B.dylib)
==13194==    by 0x10002B352: ImageLoaderMachO::doModInitFunctions(ImageLoader::LinkContext const&) (in /usr/lib/dyld)
==13194==    by 0x10002B75D: ImageLoaderMachO::doInitialization(ImageLoader::LinkContext const&) (in /usr/lib/dyld)
==13194==    by 0x10002617A: ImageLoader::recursiveInitialization(ImageLoader::LinkContext const&, unsigned int, char const*, ImageLoader::InitializerTimingList&, ImageLoader::UninitedUpwards&) (in /usr/lib/dyld)
==13194== 
==13194== 831 (96 direct, 735 indirect) bytes in 1 blocks are definitely lost in loss record 34 of 40
==13194==    at 0x100124BA0: calloc (in /System/Volumes/Data/sgoinfre/goinfre/Perso/javigarc/homebrew/Cellar/valgrind/HEAD-da51a73/libexec/valgrind/vgpreload_memcheck-amd64-darwin.so)
==13194==    by 0x1006EB667: objc_msgSend_stret (in /usr/lib/libobjc.A.dylib)
==13194==    by 0x100243FEC: _os_object_alloc_realized (in /usr/lib/system/libdispatch.dylib)
==13194==    by 0x1006837D7: xpc_dictionary_create (in /usr/lib/system/libxpc.dylib)
==13194==    by 0x100683659: _xpc_collect_environment (in /usr/lib/system/libxpc.dylib)
==13194==    by 0x100683292: _libxpc_initializer (in /usr/lib/system/libxpc.dylib)
==13194==    by 0x1001337A0: libSystem_initializer (in /usr/lib/libSystem.B.dylib)
==13194==    by 0x10002B352: ImageLoaderMachO::doModInitFunctions(ImageLoader::LinkContext const&) (in /usr/lib/dyld)
==13194==    by 0x10002B75D: ImageLoaderMachO::doInitialization(ImageLoader::LinkContext const&) (in /usr/lib/dyld)
==13194==    by 0x10002617A: ImageLoader::recursiveInitialization(ImageLoader::LinkContext const&, unsigned int, char const*, ImageLoader::InitializerTimingList&, ImageLoader::UninitedUpwards&) (in /usr/lib/dyld)
==13194==    by 0x1000260E5: ImageLoader::recursiveInitialization(ImageLoader::LinkContext const&, unsigned int, char const*, ImageLoader::InitializerTimingList&, ImageLoader::UninitedUpwards&) (in /usr/lib/dyld)
==13194==    by 0x100024233: ImageLoader::processInitializers(ImageLoader::LinkContext const&, unsigned int, ImageLoader::InitializerTimingList&, ImageLoader::UninitedUpwards&) (in /usr/lib/dyld)
==13194== 
==13194== 896 bytes in 28 blocks are definitely lost in loss record 35 of 40
==13194==    at 0x100124BA0: calloc (in /System/Volumes/Data/sgoinfre/goinfre/Perso/javigarc/homebrew/Cellar/valgrind/HEAD-da51a73/libexec/valgrind/vgpreload_memcheck-amd64-darwin.so)
==13194==    by 0x1006FC5F3: objc::DenseMap<objc_class*, objc_class*, objc::DenseMapValueInfo<objc_class*>, objc::DenseMapInfo<objc_class*>, objc::detail::DenseMapPair<objc_class*, objc_class*> >::grow(unsigned int) (in /usr/lib/libobjc.A.dylib)
==13194==    by 0x1006E8406: objc_opt::objc_stringhash_t::getIndex(char const*) const (in /usr/lib/libobjc.A.dylib)
==13194==    by 0x1006F82D0: unmap_image (in /usr/lib/libobjc.A.dylib)
==13194==    by 0x100015667: dyld::notifyBatchPartial(dyld_image_states, bool, char const* (*)(dyld_image_states, unsigned int, dyld_image_info const*), bool, bool) (in /usr/lib/dyld)
==13194==    by 0x100015808: dyld::registerObjCNotifiers(void (*)(unsigned int, char const* const*, mach_header const* const*), void (*)(char const*, mach_header const*), void (*)(char const*, mach_header const*)) (in /usr/lib/dyld)
==13194==    by 0x1002C1AD0: _dyld_objc_notify_register (in /usr/lib/system/libdyld.dylib)
==13194==    by 0x1006E6DAF: map_images_nolock (in /usr/lib/libobjc.A.dylib)
==13194==    by 0x100243F38: _os_object_init (in /usr/lib/system/libdispatch.dylib)
==13194==    by 0x1002500E7: libdispatch_init (in /usr/lib/system/libdispatch.dylib)
==13194==    by 0x100133790: libSystem_initializer (in /usr/lib/libSystem.B.dylib)
==13194==    by 0x10002B352: ImageLoaderMachO::doModInitFunctions(ImageLoader::LinkContext const&) (in /usr/lib/dyld)
==13194== 
==13194== 896 bytes in 28 blocks are definitely lost in loss record 36 of 40
==13194==    at 0x100124BA0: calloc (in /System/Volumes/Data/sgoinfre/goinfre/Perso/javigarc/homebrew/Cellar/valgrind/HEAD-da51a73/libexec/valgrind/vgpreload_memcheck-amd64-darwin.so)
==13194==    by 0x1006FC5F3: objc::DenseMap<objc_class*, objc_class*, objc::DenseMapValueInfo<objc_class*>, objc::DenseMapInfo<objc_class*>, objc::detail::DenseMapPair<objc_class*, objc_class*> >::grow(unsigned int) (in /usr/lib/libobjc.A.dylib)
==13194==    by 0x1006FC6C6: objc_class::mangledName() (in /usr/lib/libobjc.A.dylib)
==13194==    by 0x1006E8406: objc_opt::objc_stringhash_t::getIndex(char const*) const (in /usr/lib/libobjc.A.dylib)
==13194==    by 0x1006F82D0: unmap_image (in /usr/lib/libobjc.A.dylib)
==13194==    by 0x100015667: dyld::notifyBatchPartial(dyld_image_states, bool, char const* (*)(dyld_image_states, unsigned int, dyld_image_info const*), bool, bool) (in /usr/lib/dyld)
==13194==    by 0x100015808: dyld::registerObjCNotifiers(void (*)(unsigned int, char const* const*, mach_header const* const*), void (*)(char const*, mach_header const*), void (*)(char const*, mach_header const*)) (in /usr/lib/dyld)
==13194==    by 0x1002C1AD0: _dyld_objc_notify_register (in /usr/lib/system/libdyld.dylib)
==13194==    by 0x1006E6DAF: map_images_nolock (in /usr/lib/libobjc.A.dylib)
==13194==    by 0x100243F38: _os_object_init (in /usr/lib/system/libdispatch.dylib)
==13194==    by 0x1002500E7: libdispatch_init (in /usr/lib/system/libdispatch.dylib)
==13194==    by 0x100133790: libSystem_initializer (in /usr/lib/libSystem.B.dylib)
==13194== 
==13194== LEAK SUMMARY:
==13194==    definitely lost: 2,192 bytes in 62 blocks
==13194==    indirectly lost: 1,161 bytes in 18 blocks
==13194==      possibly lost: 0 bytes in 0 blocks
==13194==    still reachable: 0 bytes in 0 blocks
==13194==         suppressed: 10,502 bytes in 78 blocks
==13194== 
==13194== For lists of detected and suppressed errors, rerun with: -s
==13194== ERROR SUMMARY: 8 errors from 8 contexts (suppressed: 7 from 7)
